17:51:46 **** Incremental Build of configuration Debug for project STM32F4xx_driver_dev ****
make all 
Invoking: GNU ARM Cross Print Size
arm-none-eabi-size --format=berkeley "STM32F4xx_driver_dev.elf"
   text	   data	    bss	    dec	    hex	filename
   8423	    160	    432	   9015	   2337	STM32F4xx_driver_dev.elf
Finished building: STM32F4xx_driver_dev.siz
 
18:05:24 **** Incremental Build of configuration Debug for project STM32F4xx_driver_dev ****
make all 
Invoking: GNU ARM Cross Print Size
arm-none-eabi-size --format=berkeley "STM32F4xx_driver_dev.elf"
   text	   data	    bss	    dec	    hex	filename
   8423	    160	    432	   9015	   2337	STM32F4xx_driver_dev.elf
Finished building: STM32F4xx_driver_dev.siz
 
18:12:38 **** Incremental Build of configuration Debug for project STM32F4xx_driver_dev ****
make all 
Invoking: GNU ARM Cross Print Size
arm-none-eabi-size --format=berkeley "STM32F4xx_driver_dev.elf"
   text	   data	    bss	    dec	    hex	filename
   8423	    160	    432	   9015	   2337	STM32F4xx_driver_dev.elf
Finished building: STM32F4xx_driver_dev.siz
 
13:59:20 **** Incremental Build of configuration Debug for project STM32F4xx_driver_dev ****
make all 
Invoking: GNU ARM Cross Print Size
arm-none-eabi-size --format=berkeley "STM32F4xx_driver_dev.elf"
   text	   data	    bss	    dec	    hex	filename
   8423	    160	    432	   9015	   2337	STM32F4xx_driver_dev.elf
Finished building: STM32F4xx_driver_dev.siz
 
14:00:14 **** Incremental Build of configuration Debug for project STM32F4xx_driver_dev ****
make all 
Invoking: GNU ARM Cross Print Size
arm-none-eabi-size --format=berkeley "STM32F4xx_driver_dev.elf"
   text	   data	    bss	    dec	    hex	filename
   8423	    160	    432	   9015	   2337	STM32F4xx_driver_dev.elf
Finished building: STM32F4xx_driver_dev.siz
 
14:01:55 **** Incremental Build of configuration Debug for project STM32F4xx_driver_dev ****
make all 
Invoking: GNU ARM Cross Print Size
arm-none-eabi-size --format=berkeley "STM32F4xx_driver_dev.elf"
   text	   data	    bss	    dec	    hex	filename
   8423	    160	    432	   9015	   2337	STM32F4xx_driver_dev.elf
Finished building: STM32F4xx_driver_dev.siz
 
14:03:08 **** Incremental Build of configuration Debug for project STM32F4xx_driver_dev ****
make all 
Invoking: GNU ARM Cross Print Size
arm-none-eabi-size --format=berkeley "STM32F4xx_driver_dev.elf"
   text	   data	    bss	    dec	    hex	filename
   8423	    160	    432	   9015	   2337	STM32F4xx_driver_dev.elf
Finished building: STM32F4xx_driver_dev.siz
 
14:05:55 **** Incremental Build of configuration Debug for project STM32F4xx_driver_dev ****
make all 
Invoking: GNU ARM Cross Print Size
arm-none-eabi-size --format=berkeley "STM32F4xx_driver_dev.elf"
   text	   data	    bss	    dec	    hex	filename
   8423	    160	    432	   9015	   2337	STM32F4xx_driver_dev.elf
Finished building: STM32F4xx_driver_dev.siz
 
14:09:43 **** Incremental Build of configuration Debug for project STM32F4xx_driver_dev ****
make all 
Invoking: GNU ARM Cross Print Size
arm-none-eabi-size --format=berkeley "STM32F4xx_driver_dev.elf"
   text	   data	    bss	    dec	    hex	filename
   8423	    160	    432	   9015	   2337	STM32F4xx_driver_dev.elf
Finished building: STM32F4xx_driver_dev.siz
 
